// Jest Snapshot v1, https://goo.gl/fbAQLP

exports[`sheets component Matches the snapshot 1`] = `
<div
  class="sheetjs"
>
  <div
    onDragEnter={[Function]}
    onDragOver={[Function]}
    onDrop={[Function]}
  >
    <div
      className="col-xs-1"
    >
      <input
        accept=".xlsx,.xlsb,.xlsm,.xls,.xml,.csv,.txt,.ods,.fods,.uos,.sylk,.dif,.dbf,.prn,.qpw,.123,.wb*,.wq*,.html,.htm"
        className="form-control"
        onChange={[Function]}
        type="file"
      />
    </div>
    <br />
    <br />
  </div>
</div>
`;
